python-dotenv could not parse statement starting at line 15
python-dotenv could not parse statement starting at line 85
Listing source/dest via git trees...
  Source: 87217 files
  Target: 190565 files
  Listed in 5.0s

Files to migrate: 10021
  raw/: 28
  audio/: 0
  transcripts/: 9993
  metadata/: 0

Will commit 201 batches (50/batch).
Est. ~100 min at 120 commits/h cap
Uploading files as a binary IO buffer is not supported by Xet Storage. Falling back to HTTP upload.
Upload 0 LFS files: 0it [00:00, ?it/s]Upload 0 LFS files: 0it [00:00, ?it/s]
  [1/201] 50/10021 (0.5%) (383 MB) - 32.5 files/min
  [2/201] 100/10021 (1.0%) (385 MB) - 54.3 files/min
  [3/201] 150/10021 (1.5%) (387 MB) - 67.7 files/min
  [4/201] 200/10021 (2.0%) (388 MB) - 78.7 files/min
  [5/201] 250/10021 (2.5%) (391 MB) - 88.1 files/min
  [6/201] 300/10021 (3.0%) (394 MB) - 94.5 files/min
  [7/201] 350/10021 (3.5%) (396 MB) - 100.8 files/min
  [8/201] 400/10021 (4.0%) (398 MB) - 106.2 files/min
  [9/201] 450/10021 (4.5%) (399 MB) - 110.7 files/min
  [10/201] 500/10021 (5.0%) (401 MB) - 114.3 files/min
  [11/201] 550/10021 (5.5%) (403 MB) - 118.0 files/min
  [12/201] 600/10021 (6.0%) (405 MB) - 121.1 files/min
  [13/201] 650/10021 (6.5%) (408 MB) - 123.7 files/min
  [14/201] 700/10021 (7.0%) (409 MB) - 126.1 files/min
  [15/201] 750/10021 (7.5%) (411 MB) - 127.6 files/min
  [16/201] 800/10021 (8.0%) (414 MB) - 129.7 files/min
  [17/201] 850/10021 (8.5%) (416 MB) - 131.2 files/min
  [18/201] 900/10021 (9.0%) (418 MB) - 132.6 files/min
  [19/201] 950/10021 (9.5%) (420 MB) - 134.0 files/min
  [20/201] 1000/10021 (10.0%) (422 MB) - 135.3 files/min
  [21/201] 1050/10021 (10.5%) (424 MB) - 136.7 files/min
  [22/201] 1100/10021 (11.0%) (426 MB) - 137.3 files/min
  [23/201] 1150/10021 (11.5%) (429 MB) - 138.2 files/min
  [24/201] 1200/10021 (12.0%) (431 MB) - 138.0 files/min
  [25/201] 1250/10021 (12.5%) (433 MB) - 139.1 files/min
  [26/201] 1300/10021 (13.0%) (436 MB) - 140.1 files/min
  [27/201] 1350/10021 (13.5%) (437 MB) - 140.8 files/min
  [28/201] 1400/10021 (14.0%) (438 MB) - 141.6 files/min
  [29/201] 1450/10021 (14.5%) (441 MB) - 142.4 files/min
  [30/201] 1500/10021 (15.0%) (443 MB) - 142.9 files/min
  [31/201] 1550/10021 (15.5%) (444 MB) - 143.6 files/min
  [32/201] 1600/10021 (16.0%) (446 MB) - 144.4 files/min
  [33/201] 1650/10021 (16.5%) (447 MB) - 144.5 files/min
  [34/201] 1700/10021 (17.0%) (449 MB) - 145.0 files/min
  [35/201] 1750/10021 (17.5%) (451 MB) - 144.9 files/min
  [36/201] 1800/10021 (18.0%) (454 MB) - 144.6 files/min
  [37/201] 1850/10021 (18.5%) (456 MB) - 144.5 files/min
  [38/201] 1900/10021 (19.0%) (456 MB) - 145.1 files/min
  [39/201] 1950/10021 (19.5%) (458 MB) - 144.0 files/min
  [40/201] 2000/10021 (20.0%) (460 MB) - 144.4 files/min
  [41/201] 2050/10021 (20.5%) (462 MB) - 144.9 files/min
  [42/201] 2100/10021 (21.0%) (465 MB) - 145.2 files/min
  [43/201] 2150/10021 (21.5%) (467 MB) - 145.5 files/min
  [44/201] 2200/10021 (22.0%) (469 MB) - 146.0 files/min
  [45/201] 2250/10021 (22.5%) (470 MB) - 146.4 files/min
  [46/201] 2300/10021 (23.0%) (471 MB) - 146.8 files/min
  [47/201] 2350/10021 (23.5%) (473 MB) - 146.9 files/min
  [48/201] 2400/10021 (23.9%) (475 MB) - 147.2 files/min
  [49/201] 2450/10021 (24.4%) (476 MB) - 147.1 files/min
  [50/201] 2500/10021 (24.9%) (477 MB) - 147.0 files/min
  [51/201] 2550/10021 (25.4%) (479 MB) - 147.4 files/min
  [52/201] 2600/10021 (25.9%) (481 MB) - 147.8 files/min
  [53/201] 2650/10021 (26.4%) (482 MB) - 148.1 files/min
  [54/201] 2700/10021 (26.9%) (484 MB) - 148.2 files/min
  [55/201] 2750/10021 (27.4%) (486 MB) - 148.4 files/min
  [56/201] 2800/10021 (27.9%) (488 MB) - 148.8 files/min
  [57/201] 2850/10021 (28.4%) (491 MB) - 148.9 files/min
  [58/201] 2900/10021 (28.9%) (492 MB) - 149.2 files/min
  [59/201] 2950/10021 (29.4%) (495 MB) - 149.5 files/min
  [60/201] 3000/10021 (29.9%) (497 MB) - 149.8 files/min
  [61/201] 3050/10021 (30.4%) (498 MB) - 150.1 files/min
  [62/201] 3100/10021 (30.9%) (500 MB) - 150.4 files/min
  [63/201] 3150/10021 (31.4%) (501 MB) - 150.7 files/min
  [64/201] 3200/10021 (31.9%) (503 MB) - 150.9 files/min
  [65/201] 3250/10021 (32.4%) (506 MB) - 151.2 files/min
  [66/201] 3300/10021 (32.9%) (507 MB) - 151.5 files/min
  [67/201] 3350/10021 (33.4%) (509 MB) - 151.7 files/min
  [68/201] 3400/10021 (33.9%) (511 MB) - 151.9 files/min
  [69/201] 3450/10021 (34.4%) (512 MB) - 152.2 files/min
  [70/201] 3500/10021 (34.9%) (515 MB) - 152.4 files/min
  [71/201] 3550/10021 (35.4%) (518 MB) - 152.5 files/min
  [72/201] 3600/10021 (35.9%) (520 MB) - 152.8 files/min
  [73/201] 3650/10021 (36.4%) (522 MB) - 152.9 files/min
  [74/201] 3700/10021 (36.9%) (524 MB) - 153.1 files/min
  [75/201] 3750/10021 (37.4%) (527 MB) - 153.3 files/min
  [76/201] 3800/10021 (37.9%) (529 MB) - 153.3 files/min
  [77/201] 3850/10021 (38.4%) (531 MB) - 153.3 files/min
  [78/201] 3900/10021 (38.9%) (535 MB) - 153.2 files/min
  [79/201] 3950/10021 (39.4%) (537 MB) - 153.2 files/min
  [80/201] 4000/10021 (39.9%) (539 MB) - 153.3 files/min
  [81/201] 4050/10021 (40.4%) (541 MB) - 153.5 files/min
  [82/201] 4100/10021 (40.9%) (543 MB) - 153.6 files/min
  [83/201] 4150/10021 (41.4%) (544 MB) - 153.8 files/min
  [84/201] 4200/10021 (41.9%) (547 MB) - 154.0 files/min
  [85/201] 4250/10021 (42.4%) (548 MB) - 154.1 files/min
  [86/201] 4300/10021 (42.9%) (549 MB) - 154.2 files/min
  [87/201] 4350/10021 (43.4%) (552 MB) - 154.4 files/min
  [88/201] 4400/10021 (43.9%) (554 MB) - 154.5 files/min
  [89/201] 4450/10021 (44.4%) (555 MB) - 154.6 files/min
  [90/201] 4500/10021 (44.9%) (557 MB) - 154.7 files/min
  [91/201] 4550/10021 (45.4%) (561 MB) - 154.8 files/min
  [92/201] 4600/10021 (45.9%) (563 MB) - 154.9 files/min
  [93/201] 4650/10021 (46.4%) (565 MB) - 154.9 files/min
  [94/201] 4700/10021 (46.9%) (568 MB) - 154.7 files/min
  [95/201] 4750/10021 (47.4%) (570 MB) - 154.8 files/min
  [96/201] 4800/10021 (47.9%) (572 MB) - 154.8 files/min
  [97/201] 4850/10021 (48.4%) (574 MB) - 154.8 files/min
  [98/201] 4900/10021 (48.9%) (576 MB) - 154.8 files/min
  [99/201] 4950/10021 (49.4%) (578 MB) - 154.6 files/min
  [100/201] 5000/10021 (49.9%) (579 MB) - 154.5 files/min
  [101/201] 5050/10021 (50.4%) (581 MB) - 154.3 files/min
  [102/201] 5100/10021 (50.9%) (583 MB) - 154.3 files/min
  [103/201] 5150/10021 (51.4%) (585 MB) - 154.1 files/min
  [104/201] 5200/10021 (51.9%) (587 MB) - 153.9 files/min
  [105/201] 5250/10021 (52.4%) (588 MB) - 153.9 files/min
  [106/201] 5300/10021 (52.9%) (590 MB) - 153.8 files/min
  [107/201] 5350/10021 (53.4%) (592 MB) - 153.5 files/min
  [108/201] 5400/10021 (53.9%) (593 MB) - 153.3 files/min
  [109/201] 5450/10021 (54.4%) (597 MB) - 153.2 files/min
  [110/201] 5500/10021 (54.9%) (598 MB) - 152.9 files/min
  [111/201] 5550/10021 (55.4%) (600 MB) - 152.2 files/min
  [112/201] 5600/10021 (55.9%) (602 MB) - 151.8 files/min
  [113/201] 5650/10021 (56.4%) (604 MB) - 151.4 files/min
  [114/201] 5700/10021 (56.9%) (607 MB) - 151.3 files/min
  [115/201] 5750/10021 (57.4%) (609 MB) - 151.0 files/min
  [116/201] 5800/10021 (57.9%) (610 MB) - 150.8 files/min
  [117/201] 5850/10021 (58.4%) (611 MB) - 150.4 files/min
  [118/201] 5900/10021 (58.9%) (612 MB) - 150.2 files/min
  [119/201] 5950/10021 (59.4%) (613 MB) - 150.0 files/min
  [120/201] 6000/10021 (59.9%) (614 MB) - 149.8 files/min
  [121/201] 6050/10021 (60.4%) (616 MB) - 149.3 files/min
  [122/201] 6100/10021 (60.9%) (618 MB) - 148.8 files/min
  [123/201] 6150/10021 (61.4%) (620 MB) - 148.7 files/min
  [124/201] 6200/10021 (61.9%) (621 MB) - 148.2 files/min
  [125/201] 6250/10021 (62.4%) (622 MB) - 147.7 files/min
    FAIL: 500 Server Error: Internal Server Error for url: https://huggingface.co/api/datasets/Rolaficus/pleiades-vault-clean/commit/main (Request ID: Root=1-6a6e1ae7-0b6b843401a467395fff562d;cde7ca2e-3bbe-43a0-a00c-3812cce796a9)

Internal Error - We're working hard to fix this as soon as possible!
  [126/201] 6300/10021 (62.9%) (624 MB) - 143.9 files/min
  [127/201] 6350/10021 (63.4%) (626 MB) - 143.9 files/min
    429 - backing off 30s (attempt 1/8)
    429 - backing off 60s (attempt 2/8)
    429 - backing off 120s (attempt 3/8)
    429 - backing off 240s (attempt 4/8)
    429 - backing off 480s (attempt 5/8)
    429 - backing off 600s (attempt 6/8)
  [128/201] 6400/10021 (63.9%) (628 MB) - 91.4 files/min
  [129/201] 6450/10021 (64.4%) (630 MB) - 91.6 files/min
  [130/201] 6500/10021 (64.9%) (632 MB) - 91.8 files/min
  [131/201] 6550/10021 (65.4%) (634 MB) - 91.9 files/min
  [132/201] 6600/10021 (65.9%) (636 MB) - 92.1 files/min
  [133/201] 6650/10021 (66.4%) (637 MB) - 92.2 files/min
  [134/201] 6700/10021 (66.9%) (639 MB) - 92.3 files/min
  [135/201] 6750/10021 (67.4%) (641 MB) - 92.5 files/min
  [136/201] 6800/10021 (67.9%) (643 MB) - 92.5 files/min
  [137/201] 6850/10021 (68.4%) (645 MB) - 92.7 files/min
  [138/201] 6900/10021 (68.9%) (647 MB) - 92.8 files/min
  [139/201] 6950/10021 (69.4%) (648 MB) - 93.0 files/min
  [140/201] 7000/10021 (69.9%) (649 MB) - 93.2 files/min
  [141/201] 7050/10021 (70.4%) (651 MB) - 93.3 files/min
  [142/201] 7100/10021 (70.9%) (654 MB) - 93.4 files/min
  [143/201] 7150/10021 (71.4%) (655 MB) - 93.6 files/min
  [144/201] 7200/10021 (71.8%) (657 MB) - 93.9 files/min
  [145/201] 7250/10021 (72.3%) (658 MB) - 94.0 files/min
  [146/201] 7300/10021 (72.8%) (660 MB) - 94.2 files/min
  [147/201] 7350/10021 (73.3%) (662 MB) - 94.4 files/min
  [148/201] 7400/10021 (73.8%) (664 MB) - 94.6 files/min
  [149/201] 7450/10021 (74.3%) (664 MB) - 94.8 files/min
  [150/201] 7500/10021 (74.8%) (667 MB) - 95.0 files/min
  [151/201] 7550/10021 (75.3%) (668 MB) - 95.2 files/min
  [152/201] 7600/10021 (75.8%) (671 MB) - 95.4 files/min
  [153/201] 7650/10021 (76.3%) (672 MB) - 95.6 files/min
  [154/201] 7700/10021 (76.8%) (674 MB) - 95.8 files/min
  [155/201] 7750/10021 (77.3%) (677 MB) - 96.0 files/min
  [156/201] 7800/10021 (77.8%) (679 MB) - 96.2 files/min
  [157/201] 7850/10021 (78.3%) (680 MB) - 96.3 files/min
  [158/201] 7900/10021 (78.8%) (681 MB) - 96.5 files/min
  [159/201] 7950/10021 (79.3%) (683 MB) - 96.7 files/min
  [160/201] 8000/10021 (79.8%) (684 MB) - 96.9 files/min
  [161/201] 8050/10021 (80.3%) (686 MB) - 96.9 files/min
  [162/201] 8100/10021 (80.8%) (687 MB) - 97.1 files/min
  [163/201] 8150/10021 (81.3%) (689 MB) - 97.4 files/min
  [164/201] 8200/10021 (81.8%) (690 MB) - 97.5 files/min
  [165/201] 8250/10021 (82.3%) (691 MB) - 97.7 files/min
  [166/201] 8300/10021 (82.8%) (693 MB) - 97.9 files/min
  [167/201] 8350/10021 (83.3%) (694 MB) - 98.0 files/min
  [168/201] 8400/10021 (83.8%) (696 MB) - 98.1 files/min
  [169/201] 8450/10021 (84.3%) (698 MB) - 98.3 files/min
  [170/201] 8500/10021 (84.8%) (700 MB) - 98.4 files/min
  [171/201] 8550/10021 (85.3%) (702 MB) - 98.6 files/min
  [172/201] 8600/10021 (85.8%) (703 MB) - 98.8 files/min
  [173/201] 8650/10021 (86.3%) (704 MB) - 98.9 files/min
  [174/201] 8700/10021 (86.8%) (706 MB) - 99.1 files/min
  [175/201] 8750/10021 (87.3%) (708 MB) - 99.3 files/min
  [176/201] 8800/10021 (87.8%) (709 MB) - 99.5 files/min
  [177/201] 8850/10021 (88.3%) (711 MB) - 99.6 files/min
  [178/201] 8900/10021 (88.8%) (715 MB) - 99.8 files/min
  [179/201] 8950/10021 (89.3%) (716 MB) - 100.0 files/min
  [180/201] 9000/10021 (89.8%) (719 MB) - 100.2 files/min
  [181/201] 9050/10021 (90.3%) (721 MB) - 100.4 files/min
  [182/201] 9100/10021 (90.8%) (722 MB) - 100.6 files/min
  [183/201] 9150/10021 (91.3%) (724 MB) - 100.8 files/min
  [184/201] 9200/10021 (91.8%) (726 MB) - 101.0 files/min
  [185/201] 9250/10021 (92.3%) (728 MB) - 101.2 files/min
  [186/201] 9300/10021 (92.8%) (730 MB) - 101.4 files/min
  [187/201] 9350/10021 (93.3%) (730 MB) - 101.6 files/min
  [188/201] 9400/10021 (93.8%) (731 MB) - 101.8 files/min
  [189/201] 9450/10021 (94.3%) (733 MB) - 102.0 files/min
  [190/201] 9500/10021 (94.8%) (736 MB) - 102.1 files/min
  [191/201] 9550/10021 (95.3%) (738 MB) - 102.3 files/min
  [192/201] 9600/10021 (95.8%) (739 MB) - 102.5 files/min
  [193/201] 9650/10021 (96.3%) (741 MB) - 102.7 files/min
  [194/201] 9700/10021 (96.8%) (743 MB) - 102.9 files/min
  [195/201] 9750/10021 (97.3%) (745 MB) - 103.1 files/min
  [196/201] 9800/10021 (97.8%) (746 MB) - 103.2 files/min
  [197/201] 9850/10021 (98.3%) (748 MB) - 103.4 files/min
  [198/201] 9900/10021 (98.8%) (750 MB) - 103.5 files/min
  [199/201] 9950/10021 (99.3%) (751 MB) - 103.7 files/min
  [200/201] 10000/10021 (99.8%) (753 MB) - 103.9 files/min
  [201/201] 10021/10021 (100.0%) (755 MB) - 103.9 files/min

Done. 10021/10021 files in 96.4 min (0.74 GB)
